// Jest Snapshot v1, https://goo.gl/fbAQLP

exports[`Testing Folders component 1`] = `
<View
  style={94}
>
  <Text
    style={
      Array [
        95,
        96,
      ]
    }
  />
  <Cards
    closing="10/22/2020"
    company="Apple"
    id={1}
    title="Software Engineer"
  />
  <Cards
    closing="10/23/2020"
    company="Google"
    id={2}
    title="SWE"
  />
  <Cards
    closing="10/24/2020"
    company="Netflix"
    id={3}
    title="SDE"
  />
</View>
`;
